// Jest Snapshot v1, https://goo.gl/fbAQLP

exports[`It should render the same 1`] = `
.emotion-0 {
  color: #4b6073;
  height: 30px;
  line-height: 28px;
  border-radius: 15px;
  border: 1px solid #e7e8e8;
  padding: 0 20px;
  background: none;
  cursor: pointer;
}

.emotion-0:not(:disabled):hover {
  background-color: #e7e8e8;
  -webkit-transition: background-color 200ms ease-out;
  transition: background-color 200ms ease-out;
}

.emotion-0:disabled {
  color: #81909d;
}

<button
  className="emotion-0 emotion-1"
  disabled={false}
/>
`;
